// Vitest Snapshot v1, https://vitest.dev/guide/snapshot.html

exports[`CodeBlock > rendering > should render a snapshot 1`] = `
<div>
  <div
    data-insp-path="src/renderer/src/pages/home/Markdown/__tests__/CodeBlock.test.tsx:17:5:div"
  >
    <code
      data-insp-path="src/renderer/src/pages/home/Markdown/__tests__/CodeBlock.test.tsx:18:7:code"
    >
      console.log("hello world")
    </code>
    <button
      data-insp-path="src/renderer/src/pages/home/Markdown/__tests__/CodeBlock.test.tsx:19:7:button"
      type="button"
    >
      Save
    </button>
  </div>
</div>
`;
