// Vitest Snapshot v1, https://vitest.dev/guide/snapshot.html

exports[`DraggableList > snapshot > should match snapshot 1`] = `
<div>
  <div
    data-insp-path="src/renderer/src/components/DraggableList/__tests__/DraggableList.test.tsx:27:14:div"
    data-testid="drag-drop-context"
  >
    <div
      data-insp-path="src/renderer/src/components/DraggableList/__tests__/DraggableList.test.tsx:30:7:div"
      data-testid="droppable"
    >
      <div
        data-insp-path="src/renderer/src/components/DraggableList/list.tsx:65:11:div"
      >
        <div
          class="draggable-list-container"
          data-insp-path="src/renderer/src/components/DraggableList/list.tsx:66:13:div"
        >
          <div
            data-insp-path="src/renderer/src/components/DraggableList/__tests__/DraggableList.test.tsx:35:7:div"
            data-testid="draggable-a-0"
          >
            <div
              data-insp-path="src/renderer/src/components/DraggableList/list.tsx:72:23:div"
              style="margin-bottom: 8px;"
            >
              <div
                data-insp-path="src/renderer/src/components/DraggableList/__tests__/DraggableList.test.tsx:272:22:div"
                data-testid="item"
              >
                A
              </div>
            </div>
          </div>
          <div
            data-insp-path="src/renderer/src/components/DraggableList/__tests__/DraggableList.test.tsx:35:7:div"
            data-testid="draggable-b-1"
          >
            <div
              data-insp-path="src/renderer/src/components/DraggableList/list.tsx:72:23:div"
              style="margin-bottom: 8px;"
            >
              <div
                data-insp-path="src/renderer/src/components/DraggableList/__tests__/DraggableList.test.tsx:272:22:div"
                data-testid="item"
              >
                B
              </div>
            </div>
          </div>
          <div
            data-insp-path="src/renderer/src/components/DraggableList/__tests__/DraggableList.test.tsx:35:7:div"
            data-testid="draggable-c-2"
          >
            <div
              data-insp-path="src/renderer/src/components/DraggableList/list.tsx:72:23:div"
              style="margin-bottom: 8px;"
            >
              <div
                data-insp-path="src/renderer/src/components/DraggableList/__tests__/DraggableList.test.tsx:272:22:div"
                data-testid="item"
              >
                C
              </div>
            </div>
          </div>
        </div>
        <div
          data-insp-path="src/renderer/src/components/DraggableList/__tests__/DraggableList.test.tsx:31:74:div"
          data-testid="placeholder"
        />
      </div>
    </div>
  </div>
</div>
`;
