npm warn Unknown project config "electron_mirror". This will stop working in the next major version of npm.

> CherryStudio@1.7.17 test
> vitest run --silent packages/aiCore/src/core/plugins/built-in/__tests__/skillPlugin.test.ts

file:///Users/gqadonis/Projects/cherry-studio/node_modules/.pnpm/vitest@3.2.4_@types+debug@4.1.12_@types+node@22.17.2_@vitest+browser@3.2.4_@vitest+ui@3_6d8d61ea11dccb1d0bef55a67d9873a0/node_modules/vitest/dist/chunks/cac.Cb-PYCCB.js:716
			throw new TypeError(`Unexpected value "--silent=${value}". Use "--silent=true ${value}" instead.`);
			      ^

TypeError: Unexpected value "--silent=packages/aiCore/src/core/plugins/built-in/__tests__/skillPlugin.test.ts". Use "--silent=true packages/aiCore/src/core/plugins/built-in/__tests__/skillPlugin.test.ts" instead.
    at Object.transform (file:///Users/gqadonis/Projects/cherry-studio/node_modules/.pnpm/vitest@3.2.4_@types+debug@4.1.12_@types+node@22.17.2_@vitest+browser@3.2.4_@vitest+ui@3_6d8d61ea11dccb1d0bef55a67d9873a0/node_modules/vitest/dist/chunks/cac.Cb-PYCCB.js:716:10)
    at transform (file:///Users/gqadonis/Projects/cherry-studio/node_modules/.pnpm/vitest@3.2.4_@types+debug@4.1.12_@types+node@22.17.2_@vitest+browser@3.2.4_@vitest+ui@3_6d8d61ea11dccb1d0bef55a67d9873a0/node_modules/vitest/dist/chunks/cac.Cb-PYCCB.js:1270:39)
    at setDotProp (file:///Users/gqadonis/Projects/cherry-studio/node_modules/.pnpm/vitest@3.2.4_@types+debug@4.1.12_@types+node@22.17.2_@vitest+browser@3.2.4_@vitest+ui@3_6d8d61ea11dccb1d0bef55a67d9873a0/node_modules/vitest/dist/chunks/cac.Cb-PYCCB.js:207:22)
    at CAC.mri (file:///Users/gqadonis/Projects/cherry-studio/node_modules/.pnpm/vitest@3.2.4_@types+debug@4.1.12_@types+node@22.17.2_@vitest+browser@3.2.4_@vitest+ui@3_6d8d61ea11dccb1d0bef55a67d9873a0/node_modules/vitest/dist/chunks/cac.Cb-PYCCB.js:591:9)
    at CAC.parse (file:///Users/gqadonis/Projects/cherry-studio/node_modules/.pnpm/vitest@3.2.4_@types+debug@4.1.12_@types+node@22.17.2_@vitest+browser@3.2.4_@vitest+ui@3_6d8d61ea11dccb1d0bef55a67d9873a0/node_modules/vitest/dist/chunks/cac.Cb-PYCCB.js:508:27)
    at file:///Users/gqadonis/Projects/cherry-studio/node_modules/.pnpm/vitest@3.2.4_@types+debug@4.1.12_@types+node@22.17.2_@vitest+browser@3.2.4_@vitest+ui@3_6d8d61ea11dccb1d0bef55a67d9873a0/node_modules/vitest/dist/cli.js:27:13
    at ModuleJob.run (node:internal/modules/esm/module_job:413:25)
    at async onImport.tracePromise.__proto__ (node:internal/modules/esm/loader:654:26)
    at async asyncRunEntryPointWithESMLoader (node:internal/modules/run_main:101:5)

Node.js v25.2.1
